// Jest Snapshot v1, https://goo.gl/fbAQLP

exports[`Parse + serialize Can parse simple HTML 1`] = `
Object {
  "children": Array [
    Object {
      "attribs": Object {},
      "children": Array [
        Object {
          "data": "Example",
          "type": "text",
        },
      ],
      "style": undefined,
      "tagName": "div",
      "type": "tag",
    },
  ],
  "type": "root",
}
`;
